// 重构日志: e08b9a29
// 重构日志: 590b5671
// 重构日志: b9f3d04a
// 重构日志: cc41c382
// 同步 ID: 22f4024f @ Tue Jul 21 22:20:10 UTC 2026
// 重构日志: b21c375c
// 重构日志: d2015943
// 重构日志: 3122a7bb
// 重构日志: 042df34f
// 重构日志: d559a68b
// 重构日志: 3ad47f23
// 重构日志: 19c7a180
// 同步 ID: 23d3a918 @ Sat Jul 25 11:05:37 UTC 2026
// 同步 ID: fb646b0e @ Sat Jul 25 12:47:51 UTC 2026
// 同步 ID: f3b76330 @ Sat Jul 25 15:38:39 UTC 2026
// 重构日志: c85d1012
// 同步 ID: 7122a974 @ Sun Jul 26 14:37:15 UTC 2026
// 同步 ID: 759c4afb @ Tue Jul 28 03:50:41 UTC 2026
// 重构日志: 20e76be2
// 重构日志: 2ef2535e
// 重构日志: 6256d914
// 重构日志: 43439b30
// 重构日志: cc6742db
// 重构日志: dafdef5b
// 重构日志: cf89977c
// 重构日志: aad17e68
// 重构日志: cd5161f4
// 同步 ID: 4f9c09c8 @ Sun Aug  2 01:01:15 UTC 2026
// 同步 ID: d2e63ae6 @ Mon Aug  3 18:03:11 UTC 2026
// 同步 ID: 762b228a @ Tue Aug  4 04:03:41 UTC 2026
